
warning: unreachable pattern
    --> /home/user/rlx/crates/backends/rlx-wgpu/src/backend/mod.rs:1177:15
     |
1176 |         | Step::Conv2dBackwardInputHost { .. }
     |           ------------------------------------ matches all the relevant values
1177 |             | Step::Conv2dBackwardInputHost { .. }
     |               ^^^^^^^^^^^^^^^^^^^^^^^^^^^^^^^^^^^^ no value can reach this
     |
     = note: `-W unreachable-patterns` implied by `-W unused`
     = help: to override `-W unused` add `#[allow(unreachable_patterns)]`

warning: unreachable pattern
    --> /home/user/rlx/crates/backends/rlx-wgpu/src/backend/run.rs:1689:23
     |
1688 |                         | Step::Conv2dBackwardInputHost { .. }
     |                           ------------------------------------ matches all the relevant values
1689 |                     | Step::Conv2dBackwardInputHost { .. }
     |                       ^^^^^^^^^^^^^^^^^^^^^^^^^^^^^^^^^^^^ no value can reach this

warning: unused doc comment
   --> /home/user/rlx/crates/io/rlx-onnx-import/src/onnx_file.rs:227:1
    |
227 | / /// Fold a `Constant` op node's tensor into the param maps (mirrors an
228 | | /// initializer), recording its shape + name. No-op for non-`Constant` nodes.
229 | | /// Shared by the top-level graph and `If`-branch subgraphs (see `lower_if`).
    | |_----------------------------------------------------------------------------^
    |   |
    |   rustdoc does not generate documentation for macro invocations
    |
    = help: to document an item produced by a macro, the macro must produce the documentation as part of its expansion
    = note: `-W unused-doc-comments` implied by `-W unused`
    = help: to override `-W unused` add `#[allow(unused_doc_comments)]`

warning: unused variable: `voices_path`
   --> crates/rlx-kittentts/src/model.rs:167:9
    |
167 |         voices_path: &Path,
    |         ^^^^^^^^^^^ help: if this is intentional, prefix it with an underscore: `_voices_path`
    |
    = note: `-W unused-variables` implied by `-W unused`
    = help: to override `-W unused` add `#[allow(unused_variables)]`

warning: unused variable: `speed_priors`
   --> crates/rlx-kittentts/src/model.rs:168:9
    |
168 |         speed_priors: HashMap<String, f32>,
    |         ^^^^^^^^^^^^ help: if this is intentional, prefix it with an underscore: `_speed_priors`

warning: unused variable: `voice_aliases`
   --> crates/rlx-kittentts/src/model.rs:169:9
    |
169 |         voice_aliases: HashMap<String, String>,
    |         ^^^^^^^^^^^^^ help: if this is intentional, prefix it with an underscore: `_voice_aliases`

warning: variable does not need to be mutable
   --> crates/rlx-kittentts/src/model.rs:242:13
    |
242 |         let mut tts = Self::from_parts(
    |             ----^^^
    |             |
    |             help: remove this `mut`
    |
    = note: `-W unused-mut` implied by `-W unused`
    = help: to override `-W unused` add `#[allow(unused_mut)]`

warning: unused variable: `ort_model`
   --> crates/rlx-kittentts/src/model.rs:229:9
    |
229 |         ort_model: Option<&Path>,
    |         ^^^^^^^^^ help: if this is intentional, prefix it with an underscore: `_ort_model`

