
warning: unreachable statement
   --> crates/rlx-kittentts/src/model.rs:544:9
    |
379 |               anyhow::bail!("rlx-kittentts built without an inference backend (frontend only)");
    |               --------------------------------------------------------------------------------- any code following this expression is unreachable
...
544 | /         let trimmed_len = if audio_flat.len() > effective_tail_trim(audio_flat.len()) {
545 | |             audio_flat.len() - effective_tail_trim(audio_flat.len())
546 | |         } else {
547 | |             audio_flat.len()
548 | |         };
    | |__________^ unreachable statement
    |
    = note: `-W unreachable-code` implied by `-W unused`
    = help: to override `-W unused` add `#[allow(unreachable_code)]`

warning: unused variable: `voices_path`
   --> crates/rlx-kittentts/src/model.rs:167:9
    |
167 |         voices_path: &Path,
    |         ^^^^^^^^^^^ help: if this is intentional, prefix it with an underscore: `_voices_path`
    |
    = note: `-W unused-variables` implied by `-W unused`
    = help: to override `-W unused` add `#[allow(unused_variables)]`

warning: unused variable: `speed_priors`
   --> crates/rlx-kittentts/src/model.rs:168:9
    |
168 |         speed_priors: HashMap<String, f32>,
    |         ^^^^^^^^^^^^ help: if this is intentional, prefix it with an underscore: `_speed_priors`

warning: unused variable: `voice_aliases`
   --> crates/rlx-kittentts/src/model.rs:169:9
    |
169 |         voice_aliases: HashMap<String, String>,
    |         ^^^^^^^^^^^^^ help: if this is intentional, prefix it with an underscore: `_voice_aliases`

warning: unused variable: `audio_flat`
   --> crates/rlx-kittentts/src/model.rs:377:13
    |
377 |         let audio_flat: Vec<f32> = {
    |             ^^^^^^^^^^ help: if this is intentional, prefix it with an underscore: `_audio_flat`

warning: associated function `from_npy` is never used
  --> crates/rlx-kittentts/src/model.rs:78:8
   |
77 | impl Voice {
   | ---------- associated function in this implementation
78 |     fn from_npy(arr: NpyArray) -> Self {
   |        ^^^^^^^^
   |
   = note: `-W dead-code` implied by `-W unused`
   = help: to override `-W unused` add `#[expect(dead_code)]` or `#[allow(dead_code)]`

warning: associated function `from_parts` is never used
   --> crates/rlx-kittentts/src/model.rs:277:8
    |
105 | impl KittenTTS {
    | -------------- associated function in this implementation
...
277 |     fn from_parts(
    |        ^^^^^^^^^^

warning: unused import: `std::sync::Mutex`
  --> crates/rlx-piper/src/model.rs:19:5
   |
19 | use std::sync::Mutex;
   |     ^^^^^^^^^^^^^^^^
   |
   = note: `-W unused-imports` implied by `-W unused`
   = help: to override `-W unused` add `#[allow(unused_imports)]`

