
warning: variable does not need to be mutable
    --> crates/rlx-models-core/src/standard_decoder.rs:5198:14
     |
5198 |         let (mut compiled, out_names) = if stream {
     |              ----^^^^^^^^
     |              |
     |              help: remove this `mut`
     |
     = note: `-W unused-mut` implied by `-W unused`
     = help: to override `-W unused` add `#[allow(unused_mut)]`

warning: function `f32_slice_to_bf16_le` is never used
    --> crates/rlx-models-core/src/standard_decoder.rs:6693:4
     |
6693 | fn f32_slice_to_bf16_le(v: &[f32]) -> Vec<u8> {
     |    ^^^^^^^^^^^^^^^^^^^^
     |
     = note: `-W dead-code` implied by `-W unused`
     = help: to override `-W unused` add `#[expect(dead_code)]` or `#[allow(dead_code)]`

warning: field `scheme` is never read
    --> crates/rlx-models-core/src/standard_decoder.rs:6790:5
     |
6782 | pub struct PagedGroupedMoe {
     |            --------------- field in this struct
...
6790 |     scheme: QuantScheme,
     |     ^^^^^^

