host=Darwin backends=['cpu', 'coreml']
models: ['melotts', 'tiny-tts', 'kokoro', 'supertonic', 'piper', 'moss-nano', 'styletts2']

=== melotts (tts, rlx-melotts) — devices: ['cpu', 'coreml']
  build: rlx-melotts:rlx-melotts  features=[coreml]
    -> ok in 42s
  [cpu] --data weights/tts/melotts --text The quick brown fox jumps over the lazy dog near the river bank. --device cpu --out /Users/Shared/rlx-models/scripts/matrix/out/artifacts/melotts.cpu.wav
  build: rlx-whisper:rlx-whisper  features=[tokenizer]
    -> ok in 20s
       -> PASS  ok  (8123 ms)
  [coreml] --data weights/tts/melotts --text The quick brown fox jumps over the lazy dog near the river bank. --device coreml --out /Users/Shared/rlx-models/scripts/matrix/out/artifacts/melotts.coreml.wav
       -> PASS  cosine 1.000  (5976 ms)

=== tiny-tts (tts, rlx-tiny-tts) — devices: ['cpu', 'coreml']
  build: rlx-tiny-tts:rlx-tiny-tts  features=[coreml]
    -> ok in 1s
  [cpu] --data weights/tiny-tts-rlx --text The quick brown fox jumps over the lazy dog near the river bank. --device cpu --out /Users/Shared/rlx-models/scripts/matrix/out/artifacts/tiny-tts.cpu.wav
       -> PASS  ok  (6798 ms)
  [coreml] --data weights/tiny-tts-rlx --text The quick brown fox jumps over the lazy dog near the river bank. --device coreml --out /Users/Shared/rlx-models/scripts/matrix/out/artifacts/tiny-tts.coreml.wav
       -> PASS  cosine 1.000  (3337 ms)

=== kokoro (tts, rlx-kokoro) — devices: ['cpu', 'coreml']
  build: rlx-kokoro:rlx-kokoro  features=[coreml,espeak,hf-download]
    -> ok in 44s
  [cpu] --data weights/tts/kokoro-82m --voice af_heart --text The quick brown fox jumps over the lazy dog near the river bank. --device cpu --out /Users/Shared/rlx-models/scripts/matrix/out/artifacts/kokoro.cpu.wav
       -> PASS  ok  (13110 ms)
  [coreml] --data weights/tts/kokoro-82m --voice af_heart --text The quick brown fox jumps over the lazy dog near the river bank. --device coreml --out /Users/Shared/rlx-models/scripts/matrix/out/artifacts/kokoro.coreml.wav
       -> PASS  cosine 0.994  (14802 ms)

=== supertonic (tts, rlx-supertonic) — devices: ['cpu', 'coreml']
  build: rlx-supertonic:rlx-supertonic  features=[coreml,hf-download]
    -> ok in 21s
  [cpu] --data weights/tts/supertonic-3 --text The quick brown fox jumps over the lazy dog near the river bank. --device cpu --out /Users/Shared/rlx-models/scripts/matrix/out/artifacts/supertonic.cpu.wav
       -> FAIL  lda must be >= MAX(K,1): lda=0 K=0. BLAS error: Parameter number 9 passed to cblas_sgemm had an invalid value  (20623 ms)
  [coreml] --data weights/tts/supertonic-3 --text The quick brown fox jumps over the lazy dog near the river bank. --device coreml --out /Users/Shared/rlx-models/scripts/matrix/out/artifacts/supertonic.coreml.wav
       -> FAIL  panic: CoreML finalize failed: CoreML runtime error: CoreML load failed: Failed to parse the model specification. Error: Unable to parse ML Program: in operation v103: KernelChannels (1) != InputChann  (5993 ms)

=== piper (tts, rlx-piper) — devices: ['cpu', 'coreml']
  build: rlx-piper:rlx-piper  features=[coreml]
    -> ok in 21s
  [cpu] --data weights/tts/piper --text The quick brown fox jumps over the lazy dog near the river bank. --device cpu --out /Users/Shared/rlx-models/scripts/matrix/out/artifacts/piper.cpu.wav
       -> PASS  ok  (863 ms)
  [coreml] --data weights/tts/piper --text The quick brown fox jumps over the lazy dog near the river bank. --device coreml --out /Users/Shared/rlx-models/scripts/matrix/out/artifacts/piper.coreml.wav
       -> PASS  cosine 1.000  (861 ms)

=== moss-nano (tts, rlx-moss-nano) — devices: ['cpu', 'coreml']
  build: rlx-moss-nano:rlx-moss-nano  features=[coreml,onnx]
    -> ok in 12s
  [cpu] --data weights/tts/moss-nano --text The quick brown fox jumps over the lazy dog near the river bank. --device cpu --out /Users/Shared/rlx-models/scripts/matrix/out/artifacts/moss-nano.cpu.wav
       -> PASS  ok  (9371 ms)
  [coreml] --data weights/tts/moss-nano --text The quick brown fox jumps over the lazy dog near the river bank. --device coreml --out /Users/Shared/rlx-models/scripts/matrix/out/artifacts/moss-nano.coreml.wav
       -> PASS  cosine 1.000  (14159 ms)

=== styletts2 (tts, rlx-styletts2) — devices: ['cpu', 'coreml']
  build: rlx-styletts2:rlx-styletts2  features=[coreml,espeak]
    -> FAIL in 0s

report -> /Users/Shared/rlx-models/scripts/matrix/out/report.md
