host=Darwin backends=['cpu', 'coreml']
models: ['kokoro', 'f5tts', 'styletts2']

=== kokoro (tts, rlx-kokoro) — devices: ['cpu', 'coreml']
  build: rlx-kokoro:rlx-kokoro  features=[coreml,espeak,hf-download]
    -> ok in 31s
  [cpu] --data weights/tts/kokoro-82m --voice af_heart --text The quick brown fox jumps over the lazy dog near the river bank. --device cpu --out /Users/Shared/rlx-models/scripts/matrix/out/artifacts/kokoro.cpu.wav
  build: rlx-whisper:rlx-whisper  features=[tokenizer]
    -> ok in 33s
       -> PASS  ok  (5558 ms)
  [coreml] --data weights/tts/kokoro-82m --voice af_heart --text The quick brown fox jumps over the lazy dog near the river bank. --device coreml --out /Users/Shared/rlx-models/scripts/matrix/out/artifacts/kokoro.coreml.wav
       -> PASS  cosine 0.994  (10229 ms)

=== f5tts (tts, rlx-f5tts) — devices: ['cpu', 'coreml']
  build: rlx-f5tts:rlx-f5tts  features=[coreml,hf-download]
    -> ok in 37s
  [cpu] --data weights/tts/f5tts --ref-wav assets/jfk/jfk_voice_clone.wav --ref-text And so my fellow Americans, ask not what your country can do for you, ask what you can do for your country. --text The quick brown fox jumps over the lazy dog near the river bank. --device cpu --out /Users/Shared/rlx-models/scripts/matrix/out/artifacts/f5tts.cpu.wav
       -> PASS  ok  (178753 ms)
  [coreml] --data weights/tts/f5tts --ref-wav assets/jfk/jfk_voice_clone.wav --ref-text And so my fellow Americans, ask not what your country can do for you, ask what you can do for your country. --text The quick brown fox jumps over the lazy dog near the river bank. --device coreml --out /Users/Shared/rlx-models/scripts/matrix/out/artifacts/f5tts.coreml.wav
       -> PASS  cosine 0.866  (26517 ms)

=== styletts2 (tts, rlx-styletts2) — devices: ['cpu', 'coreml']
  build: rlx-styletts2:rlx-styletts2  features=[coreml]
    -> ok in 12s
  [cpu] --model-dir weights/tts/kokoro-82m --voice af_heart --text The quick brown fox jumps over the lazy dog near the river bank. --device cpu --output /Users/Shared/rlx-models/scripts/matrix/out/artifacts/styletts2.cpu.wav
       -> PASS  ok  (5045 ms)
  [coreml] --model-dir weights/tts/kokoro-82m --voice af_heart --text The quick brown fox jumps over the lazy dog near the river bank. --device coreml --output /Users/Shared/rlx-models/scripts/matrix/out/artifacts/styletts2.coreml.wav
       -> PASS  cosine 0.994  (7933 ms)

report -> /Users/Shared/rlx-models/scripts/matrix/out/report.md
